// Jest Snapshot v1, https://goo.gl/fbAQLP

exports[`Body component Body component is functional 1`] = `
<DocumentFragment>
  <section
    class="Body"
  >
    <form>
      <input
        name="url"
        placeholder="URL"
        type="text"
        value=""
      />
      <section>
        <div>
          <input
            id="get"
            name="method"
            type="radio"
            value="GET"
          />
          <label
            for="get"
          >
             GET 
          </label>
          <input
            id="post"
            name="method"
            type="radio"
            value="POST"
          />
          <label
            for="post"
          >
             POST 
          </label>
          <input
            id="put"
            name="method"
            type="radio"
            value="PUT"
          />
          <label
            for="put"
          >
             PUT 
          </label>
          <input
            id="patch"
            name="method"
            type="radio"
            value="PATCH"
          />
          <label
            for="patch"
          >
             PATCH 
          </label>
          <input
            id="delete"
            name="method"
            type="radio"
            value="DELETE"
          />
          <label
            for="delete"
          >
             DELETE 
          </label>
        </div>
        <button>
           Process 
        </button>
      </section>
      <textarea
        name="json"
        placeholder=" RAW JSON"
      />
    </form>
  </section>
</DocumentFragment>
`;
